2026-04-23 17:00:45,018 [INFO] app.py:240 - 系统启动成功
2026-04-23 17:00:45,651 [WARNING] logger.py:268 - DEPRECATED FEATURE: flwr.server.start_server() is deprecated.
	Instead, use the `flower-superlink` CLI command to start a SuperLink as shown below:

		$ flower-superlink --insecure

	To view usage and all available options, run:

		$ flower-superlink --help

	Using `start_server()` is deprecated.

            This is a deprecated feature. It will be removed
            entirely in future versions of Flower.
        
2026-04-23 17:00:45,653 [INFO] app.py:135 - Starting Flower server, config: num_rounds=10, no round_timeout
2026-04-23 17:00:45,681 [INFO] app.py:148 - Flower ECE: gRPC server running (10 rounds), SSL is disabled
2026-04-23 17:00:45,682 [INFO] server.py:91 - [INIT]
2026-04-23 17:00:45,682 [INFO] server.py:276 - Requesting initial parameters from one random client
2026-04-23 17:10:11,378 [INFO] app.py:240 - 系统启动成功
2026-04-23 17:10:11,947 [WARNING] logger.py:268 - DEPRECATED FEATURE: flwr.server.start_server() is deprecated.
	Instead, use the `flower-superlink` CLI command to start a SuperLink as shown below:

		$ flower-superlink --insecure

	To view usage and all available options, run:

		$ flower-superlink --help

	Using `start_server()` is deprecated.

            This is a deprecated feature. It will be removed
            entirely in future versions of Flower.
        
2026-04-23 17:10:11,948 [INFO] app.py:135 - Starting Flower server, config: num_rounds=10, no round_timeout
2026-04-23 17:10:11,961 [INFO] app.py:148 - Flower ECE: gRPC server running (10 rounds), SSL is disabled
2026-04-23 17:10:11,961 [INFO] server.py:91 - [INIT]
2026-04-23 17:10:11,961 [INFO] server.py:276 - Requesting initial parameters from one random client
2026-04-23 17:13:26,224 [INFO] app.py:240 - 系统启动成功
2026-04-23 17:13:26,708 [WARNING] logger.py:268 - DEPRECATED FEATURE: flwr.server.start_server() is deprecated.
	Instead, use the `flower-superlink` CLI command to start a SuperLink as shown below:

		$ flower-superlink --insecure

	To view usage and all available options, run:

		$ flower-superlink --help

	Using `start_server()` is deprecated.

            This is a deprecated feature. It will be removed
            entirely in future versions of Flower.
        
2026-04-23 17:13:26,710 [INFO] app.py:135 - Starting Flower server, config: num_rounds=10, no round_timeout
2026-04-23 17:13:26,727 [INFO] app.py:148 - Flower ECE: gRPC server running (10 rounds), SSL is disabled
2026-04-23 17:13:26,728 [INFO] server.py:91 - [INIT]
2026-04-23 17:13:26,728 [INFO] server.py:276 - Requesting initial parameters from one random client
2026-04-23 17:19:22,772 [INFO] app.py:240 - 系统启动成功
2026-04-23 17:19:23,123 [WARNING] logger.py:268 - DEPRECATED FEATURE: flwr.server.start_server() is deprecated.
	Instead, use the `flower-superlink` CLI command to start a SuperLink as shown below:

		$ flower-superlink --insecure

	To view usage and all available options, run:

		$ flower-superlink --help

	Using `start_server()` is deprecated.

            This is a deprecated feature. It will be removed
            entirely in future versions of Flower.
        
2026-04-23 17:19:23,125 [INFO] app.py:135 - Starting Flower server, config: num_rounds=10, no round_timeout
2026-04-23 17:19:23,136 [INFO] app.py:148 - Flower ECE: gRPC server running (10 rounds), SSL is disabled
2026-04-23 17:19:23,137 [INFO] server.py:91 - [INIT]
2026-04-23 17:19:23,137 [INFO] server.py:276 - Requesting initial parameters from one random client
2026-04-23 17:22:22,540 [INFO] app.py:240 - 系统启动成功
2026-04-23 17:22:23,132 [WARNING] logger.py:268 - DEPRECATED FEATURE: flwr.server.start_server() is deprecated.
	Instead, use the `flower-superlink` CLI command to start a SuperLink as shown below:

		$ flower-superlink --insecure

	To view usage and all available options, run:

		$ flower-superlink --help

	Using `start_server()` is deprecated.

            This is a deprecated feature. It will be removed
            entirely in future versions of Flower.
        
2026-04-23 17:22:23,134 [INFO] app.py:135 - Starting Flower server, config: num_rounds=10, no round_timeout
2026-04-23 17:22:23,158 [INFO] app.py:148 - Flower ECE: gRPC server running (10 rounds), SSL is disabled
2026-04-23 17:22:23,159 [INFO] server.py:91 - [INIT]
2026-04-23 17:22:23,159 [INFO] server.py:276 - Requesting initial parameters from one random client
2026-04-23 17:23:56,328 [INFO] app.py:240 - 系统启动成功
2026-04-23 17:23:56,754 [WARNING] logger.py:268 - DEPRECATED FEATURE: flwr.server.start_server() is deprecated.
	Instead, use the `flower-superlink` CLI command to start a SuperLink as shown below:

		$ flower-superlink --insecure

	To view usage and all available options, run:

		$ flower-superlink --help

	Using `start_server()` is deprecated.

            This is a deprecated feature. It will be removed
            entirely in future versions of Flower.
        
2026-04-23 17:23:56,756 [INFO] app.py:135 - Starting Flower server, config: num_rounds=10, no round_timeout
2026-04-23 17:23:56,766 [INFO] app.py:148 - Flower ECE: gRPC server running (10 rounds), SSL is disabled
2026-04-23 17:23:56,766 [INFO] server.py:91 - [INIT]
2026-04-23 17:23:56,766 [INFO] server.py:276 - Requesting initial parameters from one random client
2026-04-23 17:28:38,450 [INFO] app.py:240 - 系统启动成功
2026-04-23 17:28:38,969 [WARNING] logger.py:268 - DEPRECATED FEATURE: flwr.server.start_server() is deprecated.
	Instead, use the `flower-superlink` CLI command to start a SuperLink as shown below:

		$ flower-superlink --insecure

	To view usage and all available options, run:

		$ flower-superlink --help

	Using `start_server()` is deprecated.

            This is a deprecated feature. It will be removed
            entirely in future versions of Flower.
        
2026-04-23 17:28:38,970 [INFO] app.py:135 - Starting Flower server, config: num_rounds=10, no round_timeout
2026-04-23 17:28:38,982 [INFO] app.py:148 - Flower ECE: gRPC server running (10 rounds), SSL is disabled
2026-04-23 17:28:38,982 [INFO] server.py:91 - [INIT]
2026-04-23 17:28:38,982 [INFO] server.py:276 - Requesting initial parameters from one random client
2026-04-23 17:29:45,052 [INFO] app.py:240 - 系统启动成功
2026-04-23 17:29:45,530 [WARNING] logger.py:268 - DEPRECATED FEATURE: flwr.server.start_server() is deprecated.
	Instead, use the `flower-superlink` CLI command to start a SuperLink as shown below:

		$ flower-superlink --insecure

	To view usage and all available options, run:

		$ flower-superlink --help

	Using `start_server()` is deprecated.

            This is a deprecated feature. It will be removed
            entirely in future versions of Flower.
        
2026-04-23 17:29:45,532 [INFO] app.py:135 - Starting Flower server, config: num_rounds=10, no round_timeout
2026-04-23 17:29:45,544 [INFO] app.py:148 - Flower ECE: gRPC server running (10 rounds), SSL is disabled
2026-04-23 17:29:45,544 [INFO] server.py:91 - [INIT]
2026-04-23 17:29:45,544 [INFO] server.py:276 - Requesting initial parameters from one random client
2026-04-23 17:30:01,965 [INFO] send_code.py:56 - 验证码发送成功 | 目标: admin@farm.com | 时间: 2026-04-23 17:30:01
2026-04-23 17:30:27,017 [INFO] _client.py:1740 - HTTP Request: GET https://restapi.amap.com/v3/weather/weatherInfo?key=8d298e1345105c050ae25ad3f294c9bc&city=440100&extensions=all&output=JSON "HTTP/1.1 200 OK"
2026-04-23 17:30:30,745 [INFO] _client.py:1740 - HTTP Request: GET https://restapi.amap.com/v3/weather/weatherInfo?key=8d298e1345105c050ae25ad3f294c9bc&city=440100&extensions=all&output=JSON "HTTP/1.1 200 OK"
2026-04-23 17:35:27,354 [INFO] _client.py:1740 - HTTP Request: GET https://restapi.amap.com/v3/weather/weatherInfo?key=8d298e1345105c050ae25ad3f294c9bc&city=440100&extensions=all&output=JSON "HTTP/1.1 200 OK"
