2026-04-16 09:15:10,738 [INFO] app.py:142 - 系统启动成功
2026-04-16 09:15:55,174 [INFO] _client.py:1025 - HTTP Request: POST http://localhost:11434/v1/chat/completions "HTTP/1.1 200 OK"
2026-04-16 09:36:17,628 [INFO] _client.py:1025 - HTTP Request: POST http://localhost:11434/v1/chat/completions "HTTP/1.1 200 OK"
2026-04-16 09:38:42,904 [INFO] _client.py:1025 - HTTP Request: POST http://localhost:11434/v1/chat/completions "HTTP/1.1 200 OK"
2026-04-16 09:39:10,226 [INFO] _client.py:1025 - HTTP Request: POST http://localhost:11434/v1/chat/completions "HTTP/1.1 200 OK"
2026-04-16 10:02:11,684 [INFO] _client.py:1025 - HTTP Request: POST http://localhost:11434/v1/chat/completions "HTTP/1.1 200 OK"
2026-04-16 10:17:48,636 [INFO] app.py:142 - 系统启动成功
2026-04-16 10:26:21,592 [INFO] app.py:142 - 系统启动成功
2026-04-16 10:29:30,792 [INFO] app.py:144 - 系统启动成功
2026-04-16 10:33:54,578 [INFO] app.py:144 - 系统启动成功
2026-04-16 11:39:14,634 [INFO] app.py:144 - 系统启动成功
2026-04-16 11:40:49,843 [INFO] _client.py:1740 - HTTP Request: GET https://restapi.amap.com/v3/weather/weatherInfo?key=8d298e1345105c050ae25ad3f294c9bc&city=440100&extensions=all&output=JSON "HTTP/1.1 200 OK"
2026-04-16 11:45:50,645 [INFO] _client.py:1740 - HTTP Request: GET https://restapi.amap.com/v3/weather/weatherInfo?key=8d298e1345105c050ae25ad3f294c9bc&city=440100&extensions=all&output=JSON "HTTP/1.1 200 OK"
2026-04-16 11:48:11,115 [INFO] app.py:144 - 系统启动成功
2026-04-16 11:48:51,379 [INFO] _client.py:1740 - HTTP Request: GET https://restapi.amap.com/v3/weather/weatherInfo?key=8d298e1345105c050ae25ad3f294c9bc&city=440100&extensions=all&output=JSON "HTTP/1.1 200 OK"
2026-04-16 11:50:50,586 [INFO] _client.py:1740 - HTTP Request: GET https://restapi.amap.com/v3/weather/weatherInfo?key=8d298e1345105c050ae25ad3f294c9bc&city=440100&extensions=all&output=JSON "HTTP/1.1 200 OK"
2026-04-16 11:51:30,694 [INFO] _client.py:1740 - HTTP Request: GET https://restapi.amap.com/v3/weather/weatherInfo?key=8d298e1345105c050ae25ad3f294c9bc&city=440100&extensions=all&output=JSON "HTTP/1.1 200 OK"
2026-04-16 11:52:05,069 [INFO] _client.py:1025 - HTTP Request: POST http://localhost:11434/v1/chat/completions "HTTP/1.1 200 OK"
2026-04-16 11:53:52,600 [INFO] _client.py:1740 - HTTP Request: GET https://restapi.amap.com/v3/weather/weatherInfo?key=8d298e1345105c050ae25ad3f294c9bc&city=440100&extensions=all&output=JSON "HTTP/1.1 200 OK"
2026-04-16 11:55:50,470 [INFO] _client.py:1740 - HTTP Request: GET https://restapi.amap.com/v3/weather/weatherInfo?key=8d298e1345105c050ae25ad3f294c9bc&city=440100&extensions=all&output=JSON "HTTP/1.1 200 OK"
2026-04-16 11:58:52,465 [INFO] _client.py:1740 - HTTP Request: GET https://restapi.amap.com/v3/weather/weatherInfo?key=8d298e1345105c050ae25ad3f294c9bc&city=440100&extensions=all&output=JSON "HTTP/1.1 200 OK"
2026-04-16 11:59:54,899 [INFO] _client.py:1740 - HTTP Request: GET https://restapi.amap.com/v3/weather/weatherInfo?key=8d298e1345105c050ae25ad3f294c9bc&city=440100&extensions=all&output=JSON "HTTP/1.1 200 OK"
2026-04-16 12:04:55,549 [INFO] _client.py:1740 - HTTP Request: GET https://restapi.amap.com/v3/weather/weatherInfo?key=8d298e1345105c050ae25ad3f294c9bc&city=440100&extensions=all&output=JSON "HTTP/1.1 200 OK"
2026-04-16 12:06:27,731 [INFO] _client.py:1740 - HTTP Request: GET https://restapi.amap.com/v3/weather/weatherInfo?key=8d298e1345105c050ae25ad3f294c9bc&city=440100&extensions=all&output=JSON "HTTP/1.1 200 OK"
2026-04-16 12:09:55,433 [INFO] _client.py:1740 - HTTP Request: GET https://restapi.amap.com/v3/weather/weatherInfo?key=8d298e1345105c050ae25ad3f294c9bc&city=440100&extensions=all&output=JSON "HTTP/1.1 200 OK"
2026-04-16 12:14:55,565 [INFO] _client.py:1740 - HTTP Request: GET https://restapi.amap.com/v3/weather/weatherInfo?key=8d298e1345105c050ae25ad3f294c9bc&city=440100&extensions=all&output=JSON "HTTP/1.1 200 OK"
2026-04-16 14:45:01,965 [INFO] app.py:144 - 系统启动成功
2026-04-16 14:45:11,663 [INFO] _client.py:1740 - HTTP Request: GET https://restapi.amap.com/v3/weather/weatherInfo?key=8d298e1345105c050ae25ad3f294c9bc&city=440100&extensions=all&output=JSON "HTTP/1.1 200 OK"
2026-04-16 14:46:14,402 [INFO] _client.py:1025 - HTTP Request: POST http://localhost:11434/v1/chat/completions "HTTP/1.1 200 OK"
2026-04-16 14:50:11,586 [INFO] _client.py:1740 - HTTP Request: GET https://restapi.amap.com/v3/weather/weatherInfo?key=8d298e1345105c050ae25ad3f294c9bc&city=440100&extensions=all&output=JSON "HTTP/1.1 200 OK"
2026-04-16 14:50:40,508 [INFO] _client.py:1740 - HTTP Request: GET https://restapi.amap.com/v3/weather/weatherInfo?key=8d298e1345105c050ae25ad3f294c9bc&city=440100&extensions=all&output=JSON "HTTP/1.1 200 OK"
2026-04-16 14:52:13,623 [INFO] _client.py:1740 - HTTP Request: GET https://restapi.amap.com/v3/weather/weatherInfo?key=8d298e1345105c050ae25ad3f294c9bc&city=440100&extensions=all&output=JSON "HTTP/1.1 200 OK"
2026-04-16 14:55:20,062 [INFO] _client.py:1025 - HTTP Request: POST http://localhost:11434/v1/chat/completions "HTTP/1.1 200 OK"
2026-04-16 14:55:20,440 [INFO] _client.py:1740 - HTTP Request: GET https://restapi.amap.com/v3/weather/weatherInfo?key=8d298e1345105c050ae25ad3f294c9bc&city=440100&extensions=all&output=JSON "HTTP/1.1 200 OK"
2026-04-16 14:55:45,969 [INFO] _client.py:1025 - HTTP Request: POST http://localhost:11434/v1/chat/completions "HTTP/1.1 200 OK"
2026-04-16 14:57:51,598 [INFO] _client.py:1740 - HTTP Request: GET https://restapi.amap.com/v3/weather/weatherInfo?key=8d298e1345105c050ae25ad3f294c9bc&city=440100&extensions=all&output=JSON "HTTP/1.1 200 OK"
2026-04-16 15:01:20,223 [INFO] _client.py:1740 - HTTP Request: GET https://restapi.amap.com/v3/weather/weatherInfo?key=8d298e1345105c050ae25ad3f294c9bc&city=440100&extensions=all&output=JSON "HTTP/1.1 200 OK"
2026-04-16 15:02:14,133 [INFO] _client.py:1740 - HTTP Request: GET https://restapi.amap.com/v3/weather/weatherInfo?key=8d298e1345105c050ae25ad3f294c9bc&city=440100&extensions=all&output=JSON "HTTP/1.1 200 OK"
2026-04-16 15:06:20,402 [INFO] _client.py:1740 - HTTP Request: GET https://restapi.amap.com/v3/weather/weatherInfo?key=8d298e1345105c050ae25ad3f294c9bc&city=440100&extensions=all&output=JSON "HTTP/1.1 200 OK"
2026-04-16 15:06:49,220 [INFO] app.py:144 - 系统启动成功
2026-04-16 15:06:56,025 [INFO] _client.py:1740 - HTTP Request: GET https://restapi.amap.com/v3/weather/weatherInfo?key=8d298e1345105c050ae25ad3f294c9bc&city=440100&extensions=all&output=JSON "HTTP/1.1 200 OK"
2026-04-16 15:09:29,358 [INFO] _client.py:1025 - HTTP Request: POST http://localhost:11434/v1/chat/completions "HTTP/1.1 200 OK"
2026-04-16 15:10:24,509 [INFO] _client.py:1025 - HTTP Request: POST http://localhost:11434/v1/chat/completions "HTTP/1.1 200 OK"
2026-04-16 15:11:04,538 [INFO] _client.py:1025 - HTTP Request: POST http://localhost:11434/v1/chat/completions "HTTP/1.1 200 OK"
2026-04-16 15:11:56,273 [INFO] _client.py:1740 - HTTP Request: GET https://restapi.amap.com/v3/weather/weatherInfo?key=8d298e1345105c050ae25ad3f294c9bc&city=440100&extensions=all&output=JSON "HTTP/1.1 200 OK"
2026-04-16 15:16:56,440 [INFO] _client.py:1740 - HTTP Request: GET https://restapi.amap.com/v3/weather/weatherInfo?key=8d298e1345105c050ae25ad3f294c9bc&city=440100&extensions=all&output=JSON "HTTP/1.1 200 OK"
2026-04-16 15:21:56,569 [INFO] _client.py:1740 - HTTP Request: GET https://restapi.amap.com/v3/weather/weatherInfo?key=8d298e1345105c050ae25ad3f294c9bc&city=440100&extensions=all&output=JSON "HTTP/1.1 200 OK"
2026-04-16 15:26:46,771 [INFO] app.py:144 - 系统启动成功
2026-04-16 15:26:54,478 [INFO] _client.py:1740 - HTTP Request: GET https://restapi.amap.com/v3/weather/weatherInfo?key=8d298e1345105c050ae25ad3f294c9bc&city=440100&extensions=all&output=JSON "HTTP/1.1 200 OK"
2026-04-16 15:28:24,233 [INFO] _client.py:1740 - HTTP Request: GET https://restapi.amap.com/v3/weather/weatherInfo?key=8d298e1345105c050ae25ad3f294c9bc&city=440100&extensions=all&output=JSON "HTTP/1.1 200 OK"
2026-04-16 15:29:10,378 [INFO] _client.py:1025 - HTTP Request: POST http://localhost:11434/v1/chat/completions "HTTP/1.1 200 OK"
2026-04-16 15:29:14,515 [INFO] _client.py:1025 - HTTP Request: POST http://localhost:11434/v1/chat/completions "HTTP/1.1 200 OK"
2026-04-16 15:29:40,082 [INFO] _client.py:1025 - HTTP Request: POST http://localhost:11434/v1/chat/completions "HTTP/1.1 200 OK"
2026-04-16 15:30:01,615 [INFO] _client.py:1025 - HTTP Request: POST http://localhost:11434/v1/chat/completions "HTTP/1.1 200 OK"
2026-04-16 15:30:08,810 [INFO] _client.py:1025 - HTTP Request: POST http://localhost:11434/v1/chat/completions "HTTP/1.1 200 OK"
2026-04-16 15:30:39,246 [INFO] _client.py:1025 - HTTP Request: POST http://localhost:11434/v1/chat/completions "HTTP/1.1 200 OK"
2026-04-16 15:30:50,245 [INFO] _client.py:1025 - HTTP Request: POST http://localhost:11434/v1/chat/completions "HTTP/1.1 200 OK"
2026-04-16 15:31:55,630 [INFO] _client.py:1740 - HTTP Request: GET https://restapi.amap.com/v3/weather/weatherInfo?key=8d298e1345105c050ae25ad3f294c9bc&city=440100&extensions=all&output=JSON "HTTP/1.1 200 OK"
2026-04-16 15:33:19,365 [INFO] _client.py:1025 - HTTP Request: POST http://localhost:11434/v1/chat/completions "HTTP/1.1 200 OK"
2026-04-16 15:37:08,605 [INFO] _client.py:1740 - HTTP Request: GET https://restapi.amap.com/v3/weather/weatherInfo?key=8d298e1345105c050ae25ad3f294c9bc&city=440100&extensions=all&output=JSON "HTTP/1.1 200 OK"
2026-04-16 15:41:24,342 [INFO] _client.py:1740 - HTTP Request: GET https://restapi.amap.com/v3/weather/weatherInfo?key=8d298e1345105c050ae25ad3f294c9bc&city=440100&extensions=all&output=JSON "HTTP/1.1 200 OK"
2026-04-16 15:56:25,160 [INFO] app.py:146 - 系统启动成功
2026-04-16 15:56:31,292 [INFO] _client.py:1740 - HTTP Request: GET https://restapi.amap.com/v3/weather/weatherInfo?key=8d298e1345105c050ae25ad3f294c9bc&city=440100&extensions=all&output=JSON "HTTP/1.1 200 OK"
2026-04-16 15:57:02,322 [INFO] _client.py:1025 - HTTP Request: POST http://localhost:11434/v1/chat/completions "HTTP/1.1 200 OK"
2026-04-16 15:57:15,280 [INFO] _client.py:1025 - HTTP Request: POST http://localhost:11434/v1/chat/completions "HTTP/1.1 200 OK"
2026-04-16 16:00:07,768 [INFO] _client.py:1025 - HTTP Request: POST http://localhost:11434/v1/chat/completions "HTTP/1.1 200 OK"
2026-04-16 16:00:18,647 [INFO] _client.py:1025 - HTTP Request: POST http://localhost:11434/v1/chat/completions "HTTP/1.1 200 OK"
2026-04-16 16:01:32,541 [INFO] _client.py:1740 - HTTP Request: GET https://restapi.amap.com/v3/weather/weatherInfo?key=8d298e1345105c050ae25ad3f294c9bc&city=440100&extensions=all&output=JSON "HTTP/1.1 200 OK"
2026-04-16 16:06:01,234 [INFO] _client.py:1740 - HTTP Request: GET https://restapi.amap.com/v3/weather/weatherInfo?key=8d298e1345105c050ae25ad3f294c9bc&city=440100&extensions=all&output=JSON "HTTP/1.1 200 OK"
2026-04-16 16:06:21,766 [INFO] _client.py:1025 - HTTP Request: POST http://localhost:11434/v1/chat/completions "HTTP/1.1 200 OK"
2026-04-16 16:08:18,699 [INFO] _client.py:1025 - HTTP Request: POST http://localhost:11434/v1/chat/completions "HTTP/1.1 200 OK"
2026-04-16 16:13:48,835 [INFO] _client.py:1025 - HTTP Request: POST http://localhost:11434/v1/chat/completions "HTTP/1.1 200 OK"
2026-04-16 16:14:32,925 [INFO] app.py:146 - 系统启动成功
2026-04-16 16:16:21,292 [INFO] _client.py:1740 - HTTP Request: GET https://restapi.amap.com/v3/weather/weatherInfo?key=8d298e1345105c050ae25ad3f294c9bc&city=440100&extensions=all&output=JSON "HTTP/1.1 200 OK"
2026-04-16 16:16:37,393 [INFO] _client.py:1025 - HTTP Request: POST http://localhost:11434/v1/chat/completions "HTTP/1.1 200 OK"
2026-04-16 16:17:04,433 [INFO] _client.py:1025 - HTTP Request: POST http://localhost:11434/v1/chat/completions "HTTP/1.1 200 OK"
2026-04-16 16:17:37,539 [INFO] _client.py:1025 - HTTP Request: POST http://localhost:11434/v1/chat/completions "HTTP/1.1 200 OK"
2026-04-16 16:18:29,122 [INFO] _client.py:1025 - HTTP Request: POST http://localhost:11434/v1/chat/completions "HTTP/1.1 200 OK"
2026-04-16 16:21:21,174 [INFO] _client.py:1740 - HTTP Request: GET https://restapi.amap.com/v3/weather/weatherInfo?key=8d298e1345105c050ae25ad3f294c9bc&city=440100&extensions=all&output=JSON "HTTP/1.1 200 OK"
2026-04-16 16:27:06,692 [INFO] app.py:146 - 系统启动成功
2026-04-16 16:27:12,543 [INFO] _client.py:1740 - HTTP Request: GET https://restapi.amap.com/v3/weather/weatherInfo?key=8d298e1345105c050ae25ad3f294c9bc&city=440100&extensions=all&output=JSON "HTTP/1.1 200 OK"
2026-04-16 16:27:32,708 [INFO] _client.py:1025 - HTTP Request: POST http://localhost:11434/v1/chat/completions "HTTP/1.1 200 OK"
2026-04-16 16:27:41,292 [INFO] _client.py:1025 - HTTP Request: POST http://localhost:11434/v1/chat/completions "HTTP/1.1 200 OK"
2026-04-16 16:27:41,628 [INFO] _client.py:1025 - HTTP Request: POST http://localhost:11434/v1/chat/completions "HTTP/1.1 200 OK"
2026-04-16 16:27:41,935 [INFO] _client.py:1025 - HTTP Request: POST http://localhost:11434/v1/chat/completions "HTTP/1.1 200 OK"
2026-04-16 16:27:42,247 [INFO] _client.py:1025 - HTTP Request: POST http://localhost:11434/v1/chat/completions "HTTP/1.1 200 OK"
2026-04-16 16:27:44,831 [INFO] _client.py:1025 - HTTP Request: POST http://localhost:11434/v1/chat/completions "HTTP/1.1 200 OK"
2026-04-16 16:27:45,138 [INFO] _client.py:1025 - HTTP Request: POST http://localhost:11434/v1/chat/completions "HTTP/1.1 200 OK"
2026-04-16 16:27:47,390 [INFO] _client.py:1025 - HTTP Request: POST http://localhost:11434/v1/chat/completions "HTTP/1.1 200 OK"
2026-04-16 16:28:02,181 [INFO] _client.py:1025 - HTTP Request: POST http://localhost:11434/v1/chat/completions "HTTP/1.1 200 OK"
2026-04-16 16:28:35,081 [INFO] _client.py:1025 - HTTP Request: POST http://localhost:11434/v1/chat/completions "HTTP/1.1 200 OK"
2026-04-16 16:29:16,760 [INFO] _client.py:1025 - HTTP Request: POST http://localhost:11434/v1/chat/completions "HTTP/1.1 200 OK"
2026-04-16 16:29:59,620 [INFO] _client.py:1025 - HTTP Request: POST http://localhost:11434/v1/chat/completions "HTTP/1.1 200 OK"
2026-04-16 16:29:59,663 [ERROR] base_events.py:1785 - Exception in callback _ProactorBasePipeTransport._call_connection_lost(None)
handle: <Handle _ProactorBasePipeTransport._call_connection_lost(None)>
Traceback (most recent call last):
  File "D:\Anaconda3\envs\pytorch\Lib\asyncio\events.py", line 84, in _run
    self._context.run(self._callback, *self._args)
  File "D:\Anaconda3\envs\pytorch\Lib\asyncio\proactor_events.py", line 165, in _call_connection_lost
    self._sock.shutdown(socket.SHUT_RDWR)
ConnectionResetError: [WinError 10054] 远程主机强迫关闭了一个现有的连接。
2026-04-16 16:30:08,735 [INFO] _client.py:1025 - HTTP Request: POST http://localhost:11434/v1/chat/completions "HTTP/1.1 200 OK"
2026-04-16 16:30:39,397 [INFO] _client.py:1025 - HTTP Request: POST http://localhost:11434/v1/chat/completions "HTTP/1.1 200 OK"
2026-04-16 16:32:13,660 [INFO] _client.py:1740 - HTTP Request: GET https://restapi.amap.com/v3/weather/weatherInfo?key=8d298e1345105c050ae25ad3f294c9bc&city=440100&extensions=all&output=JSON "HTTP/1.1 200 OK"
2026-04-16 16:32:56,940 [INFO] _client.py:1025 - HTTP Request: POST http://localhost:11434/v1/chat/completions "HTTP/1.1 200 OK"
2026-04-16 16:37:44,818 [INFO] _client.py:1740 - HTTP Request: GET https://restapi.amap.com/v3/weather/weatherInfo?key=8d298e1345105c050ae25ad3f294c9bc&city=440100&extensions=all&output=JSON "HTTP/1.1 200 OK"
2026-04-16 16:42:13,492 [INFO] _client.py:1740 - HTTP Request: GET https://restapi.amap.com/v3/weather/weatherInfo?key=8d298e1345105c050ae25ad3f294c9bc&city=440100&extensions=all&output=JSON "HTTP/1.1 200 OK"
2026-04-16 16:47:13,534 [INFO] _client.py:1740 - HTTP Request: GET https://restapi.amap.com/v3/weather/weatherInfo?key=8d298e1345105c050ae25ad3f294c9bc&city=440100&extensions=all&output=JSON "HTTP/1.1 200 OK"
2026-04-16 16:52:13,706 [INFO] _client.py:1740 - HTTP Request: GET https://restapi.amap.com/v3/weather/weatherInfo?key=8d298e1345105c050ae25ad3f294c9bc&city=440100&extensions=all&output=JSON "HTTP/1.1 200 OK"
2026-04-16 16:57:13,654 [INFO] _client.py:1740 - HTTP Request: GET https://restapi.amap.com/v3/weather/weatherInfo?key=8d298e1345105c050ae25ad3f294c9bc&city=440100&extensions=all&output=JSON "HTTP/1.1 200 OK"
2026-04-16 17:02:13,640 [INFO] _client.py:1740 - HTTP Request: GET https://restapi.amap.com/v3/weather/weatherInfo?key=8d298e1345105c050ae25ad3f294c9bc&city=440100&extensions=all&output=JSON "HTTP/1.1 200 OK"
2026-04-16 17:06:09,848 [INFO] app.py:147 - 系统启动成功
2026-04-16 17:06:18,087 [INFO] _client.py:1740 - HTTP Request: GET https://restapi.amap.com/v3/weather/weatherInfo?key=8d298e1345105c050ae25ad3f294c9bc&city=440100&extensions=all&output=JSON "HTTP/1.1 200 OK"
2026-04-16 17:06:34,334 [INFO] _client.py:1025 - HTTP Request: POST http://localhost:11434/v1/chat/completions "HTTP/1.1 200 OK"
2026-04-16 17:06:34,370 [ERROR] base_events.py:1785 - Exception in callback _ProactorBasePipeTransport._call_connection_lost(None)
handle: <Handle _ProactorBasePipeTransport._call_connection_lost(None)>
Traceback (most recent call last):
  File "D:\Anaconda3\envs\pytorch\Lib\asyncio\events.py", line 84, in _run
    self._context.run(self._callback, *self._args)
  File "D:\Anaconda3\envs\pytorch\Lib\asyncio\proactor_events.py", line 165, in _call_connection_lost
    self._sock.shutdown(socket.SHUT_RDWR)
ConnectionResetError: [WinError 10054] 远程主机强迫关闭了一个现有的连接。
2026-04-16 17:06:42,915 [INFO] _client.py:1025 - HTTP Request: POST http://localhost:11434/v1/chat/completions "HTTP/1.1 200 OK"
2026-04-16 17:07:33,318 [INFO] _client.py:1025 - HTTP Request: POST http://localhost:11434/v1/chat/completions "HTTP/1.1 200 OK"
2026-04-16 17:08:34,939 [INFO] _client.py:1025 - HTTP Request: POST http://localhost:11434/v1/chat/completions "HTTP/1.1 200 OK"
2026-04-16 17:11:18,453 [INFO] _client.py:1740 - HTTP Request: GET https://restapi.amap.com/v3/weather/weatherInfo?key=8d298e1345105c050ae25ad3f294c9bc&city=440100&extensions=all&output=JSON "HTTP/1.1 200 OK"
2026-04-16 17:16:18,432 [INFO] _client.py:1740 - HTTP Request: GET https://restapi.amap.com/v3/weather/weatherInfo?key=8d298e1345105c050ae25ad3f294c9bc&city=440100&extensions=all&output=JSON "HTTP/1.1 200 OK"
2026-04-16 17:21:18,732 [INFO] _client.py:1740 - HTTP Request: GET https://restapi.amap.com/v3/weather/weatherInfo?key=8d298e1345105c050ae25ad3f294c9bc&city=440100&extensions=all&output=JSON "HTTP/1.1 200 OK"
2026-04-16 17:22:04,719 [INFO] _client.py:1025 - HTTP Request: POST http://localhost:11434/v1/chat/completions "HTTP/1.1 200 OK"
2026-04-16 17:22:34,198 [INFO] _client.py:1025 - HTTP Request: POST http://localhost:11434/v1/chat/completions "HTTP/1.1 200 OK"
2026-04-16 17:23:10,701 [INFO] _client.py:1025 - HTTP Request: POST http://localhost:11434/v1/chat/completions "HTTP/1.1 200 OK"
2026-04-16 17:23:43,225 [INFO] _client.py:1025 - HTTP Request: POST http://localhost:11434/v1/chat/completions "HTTP/1.1 200 OK"
2026-04-16 17:25:45,953 [INFO] _client.py:1025 - HTTP Request: POST http://localhost:11434/v1/chat/completions "HTTP/1.1 200 OK"
2026-04-16 17:26:18,611 [INFO] _client.py:1740 - HTTP Request: GET https://restapi.amap.com/v3/weather/weatherInfo?key=8d298e1345105c050ae25ad3f294c9bc&city=440100&extensions=all&output=JSON "HTTP/1.1 200 OK"
2026-04-16 17:31:18,601 [INFO] _client.py:1740 - HTTP Request: GET https://restapi.amap.com/v3/weather/weatherInfo?key=8d298e1345105c050ae25ad3f294c9bc&city=440100&extensions=all&output=JSON "HTTP/1.1 200 OK"
